<?xml version="1.0" encoding="UTF-8"?><Response><Gather input="speech" action="/address-can-wait" hints="yes, no" timeout="3"><Play>https://storage.googleapis.com/stellar-ether-198321.appspot.com/addressing/addressing-intro.mp3</Play><Pause/></Gather><Redirect>./address-can-wait</Redirect></Response>