<?xml version="1.0" encoding="UTF-8"?>
<Response>
    <Redirect>
        /office-address
    </Redirect>
</Response>