<?xml version="1.0" encoding="UTF-8"?>
<Response>
    <Say voice="man">
        This is the International Date Time Zone Consortium. The datetime of your last renewal, as a Unix Timestamp, is 1 5 7 4. 7 2 6 4. 0 0.
    </Say>
    <Say voice="man">
        If you just need the day, it was a Tuesday.
    </Say>
    <Pause length="1"/>
    <Redirect>
        /entry
    </Redirect>
</Response>