<?xml version="1.0" encoding="UTF-8"?><Response><Gather input="dtmf" numDigits="3" action="/check-extension"><Say>Thank you for calling the Phone Tree of Despair. Your call is so, so, important to us.</Say><Pause/><Say>If you have an extension code, enter it now. Otherwise, stay on the line for more information.</Say></Gather><Redirect>/more-info</Redirect></Response>