<?xml version="1.0" encoding="UTF-8"?><Response><Gather input="dtmf" action="/id-challenge3" numDigits="3" timeout="10"><Play>https://storage.googleapis.com/stellar-ether-198321.appspot.com/id/id-flangetron.mp3</Play></Gather><Redirect>/id-challenge-wrong</Redirect></Response>