<?xml version="1.0" encoding="UTF-8"?><Response><Play>https://storage.googleapis.com/stellar-ether-198321.appspot.com/id/id-didnt-catch-that.mp3</Play><Play>https://storage.googleapis.com/stellar-ether-198321.appspot.com/please-hold-mangled.mp3</Play></Response>