<?xml version="1.0" encoding="UTF-8"?>
<Response>
    <Play>
        https://storage.googleapis.com/stellar-ether-198321.appspot.com/more-info.mp3
    </Play>
    <Redirect>
        /entry
    </Redirect>
</Response>