<?xml version="1.0" encoding="UTF-8"?><Response><Gather input="dtmf" action="/office-address3" numDigits="4" timeout="20"><Play>https://storage.googleapis.com/stellar-ether-198321.appspot.com/office-address/office-address-kathu.mp3</Play><Say voice="man">That's K. A. T. H. U.</Say></Gather><Redirect>./office-address-too-long</Redirect></Response>