<?xml version="1.0" encoding="UTF-8"?><Response><Gather input="dtmf" action="/office-address2" numDigits="5" timeout="20"><Play>https://storage.googleapis.com/stellar-ether-198321.appspot.com/office-address/office-address-intro.mp3</Play></Gather><Redirect>/office-address-too-long</Redirect></Response>