<?xml version="1.0" encoding="UTF-8"?>
<Response>
    <Say>
        Sorry, that doesn't look correct. If you need to look up information about your registration, try contacting the other departments. You can find their extension codes by accessing the extension directory by pressing 1 2 3 at the main menu. I'll transfer you there now.
    </Say>
    <Redirect>
        /entry
    </Redirect>
</Response>