<?xml version="1.0" encoding="UTF-8"?>
<Response>
    <Say>
        Sorry about that. Please hold
    </Say>
    <Play>
        https://storage.googleapis.com/stellar-ether-198321.appspot.com/please-hold-mangled.mp3
    </Play>
</Response>