<?xml version="1.0" encoding="UTF-8"?>
<Response>
    <Play>
        https://storage.googleapis.com/stellar-ether-198321.appspot.com/registration/alright-that-all-looks-correct.mp3
    </Play>
    <Gather input="dtmf" action="/registration-rating-response" numDigits="1" timeout="5">
        <Play>
            https://storage.googleapis.com/stellar-ether-198321.appspot.com/registration/please-enter-a-number.mp3
        </Play>
    </Gather>
    <Redirect>
        /registration-rating-response
    </Redirect>
</Response>