<?xml version="1.0" encoding="UTF-8"?>
<Response>
    <Say>
        Error. That is not a number from 1 to 5. Error. Error.
    </Say>
    <Play>
        https://storage.googleapis.com/stellar-ether-198321.appspot.com/kill.mp3
    </Play>
    <Redirect>
        /victory2
    </Redirect>
</Response>