<?xml version="1.0" encoding="UTF-8"?><Response><Gather input="dtmf" action="/registration-date-response" numDigits="8" timeout="10"><Say>Ok. Now key in the date of your last renewal. First enter the year, then the month, then the day.</Say></Gather><Redirect>/registration-incorrect</Redirect></Response>