<?xml version="1.0" encoding="UTF-8"?>
<Response>
    <Say>
        How dare you.
    </Say>
    <Pause length="1"/>
    <Redirect>
        /victory1
    </Redirect>
</Response>