<?xml version="1.0" encoding="UTF-8"?>
<Response>
    <Play>
        https://storage.googleapis.com/stellar-ether-198321.appspot.com/beep2.mp3
    </Play>
    <Say>
        Sorry, that's not a valid response. Please hold.
    </Say>
    <Play>
        https://storage.googleapis.com/stellar-ether-198321.appspot.com/beep2.mp3
    </Play>
    <Say>
        Welcome to the registration office. May I have your name?
    </Say>
    <Play>
        https://storage.googleapis.com/stellar-ether-198321.appspot.com/beep2.mp3
    </Play>
    <Say>
        Sorry about that. Please hold
    </Say>
    <Play>
        https://storage.googleapis.com/stellar-ether-198321.appspot.com/beep2.mp3
    </Play>
    <Say>
        Sorry, that doesn't look correct. If you need to look up information about your registration, try contacting the other departments. You can find their extension codes by accessing the extension directory by pressing 1 2 3 at the main menu. I'll transfer you there now.
    </Say>
    <Play>
        https://storage.googleapis.com/stellar-ether-198321.appspot.com/beep2.mp3
    </Play>
    <Say>
        Error. That is not a number from 1 to 5. Error. Error.
    </Say>
    <Play>
        https://storage.googleapis.com/stellar-ether-198321.appspot.com/beep2.mp3
    </Play>
    <Say voice="man">
        This is the International Date Time Zone Consortium. The datetime of your last renewal, as a Unix Timestamp, is 1 5 7 4. 7 2 6 4. 0 0.
    </Say>
    <Play>
        https://storage.googleapis.com/stellar-ether-198321.appspot.com/beep2.mp3
    </Play>
    <Say voice="man">
        If you just need the day, it was a Tuesday.
    </Say>
    <Play>
        https://storage.googleapis.com/stellar-ether-198321.appspot.com/beep2.mp3
    </Play>
</Response>